Test Earth Magnetic field machine
--------------------------------------
Date:      1998/05/18
Position:  [6.36457e+06, 0.115264, 0.92034]
           [6.60417, 52.7316] deg
           6364.57 km
Result:    [41652.3, 1805.43, 24913.3]
----------- H=0 -- El=90 ------
LOS:           45007
LOS:           0.45007 G
Long:          0.115264
Long:          6.60417 deg
LOS:           45007
LOS:           0.45007 G
----------- H=0 -- El=90 ------
LOS:           45007
LOS:           0.45007 G
Long:          0.115264
Long:          6.60417 deg
LOS:           45007
LOS:           0.45007 G
----------- Along field ------
LOS:           34970.8
LOS:           0.349708 G
Long:          0.115264
Long:          6.60417 deg
LOS:           34970.8
LOS:           0.349708 G
----------- Ha=0 -- Dec= 52.7316 ------
LOS:           45007
LOS:           0.45007 G
Long:          0.115264
Long:          6.60417 deg
LOS:           45007
LOS:           0.45007 G
----------- H=0 -- El=45 ------
LOS:           19092.4
LOS:           0.190924 G
Long:          0.115264
Long:          6.60417 deg
LOS:           19092.4
LOS:           0.190924 G
----------- H=200 -- El=45 ------
LOS:           19606.3
LOS:           0.196063 G
Long:          0.115264
Long:          6.60417 deg
LOS:           19606.3
LOS:           0.196063 G
----------- H=200 -- El=0 -- N ----
LOS:           862.719
LOS:           0.00862719 G
Long:          0.115264
Long:          6.60417 deg
LOS:           862.719
LOS:           0.00862719 G
----------- H=200 -- El=5 -- E ----
LOS:           3048.57
LOS:           0.0304857 G
Long:          0.39911
Long:          22.8673 deg
LOS:           3048.57
LOS:           0.0304857 G
----------- H=200 -- El=5 -- W ----
LOS:           7558.25
LOS:           0.0755825 G
Long:          -0.168581
Long:          -9.659 deg
LOS:           7558.25
LOS:           0.0755825 G
------------- recalculate ----------
LOS:           0.0755825 G
------------- use set() ------------
LOS:           0.0755825 G
LOS:           0.0755825 G
LOS:           7558.25
LOS:           0.0755825 G
Long:          -0.168581
Long:          -9.659 deg
Field:         [38708.2, 375.482, 21097.9]
Field:         [38708.2, 375.482, 21097.9]
Pos:           [4.01992e+06, -684178, 5.14449e+06]
Pos:           [4.01992e+06, -684178, 5.14449e+06]
LOS:           0.0755825 G
------------- iterate height ------------
LOS:           0.0755825 G
LOS:           7558.25
LOS:           0.0755825 G
Long:          -0.168581
Long:          -9.659 deg
Field:         [38708.2, 375.482, 21097.9]
Pos:           [4.01992e+06, -684178, 5.14449e+06]
LOS 190:       0.0755537 G
LOS 200:       0.0755825 G
LOS 210:       0.0756108 G
