JsonKVMap par:
b1	= true
d1	= 30.0
dc1	= {"r":60.0, "i":70.0}
i1	= 10
s1	= "abc"
s2	= "defg"
JsonKVMap par1:
b1	= true
d1	= 30.0
dc1	= {"r":60.0, "i":70.0}
i1	= 10
s1	= "abc"
s2	= "defg"
JsonKVMap par1:
b1	= true
b2	= false
d1	= 30.0
dc1	= {"r":60.0, "i":70.0}
i1	= 10
s1	= "abc"
s2	= "defg"

toRecord:
  b1: Bool 1
  b2: Bool 0
  d1: Double 30
  dc1: DComplex (60,70)
  i1: Int64 10
  s1: String "abc"
  s2: String "defg"

JsonKVMap par3:
b1	= true
b2	= false
d1	= 30.0
dc1	= {"r":60.0, "i":70.0}
i1	= 10
s1	= "abc"
s2	= "defg"
1 [true]
10 [10]
10 [10.0]
(10,0) [{"r":10.0, "i":0.0}]
30 [30.0]
(30,0) [{"r":30.0, "i":0.0}]
(60,70) [{"r":60.0, "i":70.0}]
abc ["abc"]
Bool 0 1
Int64 0 1
double 0 1
DComplex 0 1
String 0 1
Empty JsonKVMap par1:
JsonKVMap par2:
blk1	= ["b1":true, "b2":false, "d1":30.0, "dc1":{"r":60.0, "i":70.0}, "i1":10, "s1":"abc", "s2":"defg"]
blk2	= [=]
vec	= [true,100,100.02,{"r":1.123456789, "i":-3.0},"a","","abc"]
Record 0 7
Record 0 0
Other 1 7
"key1":1
"key2":"abc"
"key1":null, "key2":"abc"
"key1":[1,1.3], "key2":"/*abc*/"
"key1":["a":1, "b":2], "key2":"abc"
"key1":{"r":1.0, "i":2.0}, "key2":"abc"
"Key2":true, "key1":1
"keyarr":[[[0,1,2,3],[4,5,6,7],[8,9,10,11]],[[12,13,14,15],[16,17,18,19],[20,21,22,23]]], "keyb":true, "keybv":[true,false], "keyc":{"r":1.0, "i":2.0}, "keyd":-1435.0, "keydc":{"r":3.5, "i":-4.6}, "keydv":[3000.0,0.3,3.0,3.3,3000.0,300.0,-0.0033], "keyf":243.0, "keyfv":[200.0,0.2,2.0,2.2,200.0,20.0,-0.022], "keyi":34, "keyiv":[2,3,4,-5], "keymv":[24.3,-1435.0,{"r":1.0, "i":2.0},{"r":3.5, "i":-460.0},"string"], "keys":"string", "keys1":" str1 str2 str3 ", "keyx":"ab\"/cd\n", "keyy":["aa":1, "bb":2, "dd":"'bc'"]
OK
