{
   "arr": []
  ,"arr": [0, 1, 2]
  ,"arr": [[0, 1, 2],
           [3, 4, 5],
           [6, 7, 8]]
  ,"arr": [[[0, 1, 2],
            [3, 4, 5],
            [6, 7, 8]],
           [[9, 10, 11],
            [12, 13, 14],
            [15, 16, 17]],
           [[18, 19, 20],
            [21, 22, 23],
            [24, 25, 26]]]
   # comment1
  ,"arrs": [["s0",
             "s1"],
            ["s\n2",
             "s\"3"]]
  ,"key1": true
   # comment2
  ,"key2": 1
  ,"key3": -10
  ,"key4": 11.5
  ,"keyfa": -1e+20
  ,"keyfb": -1e-20
  ,"keyfc": -1.0
  ,"key5": -13.2345
  ,"keyda": -1e+20
  ,"keydb": -9.999999999999999e-21
  ,"keydc": -1.0
  ,"keydd": -123456789012345.1
  ,"key6": {"r":-1.0, "i":2.0}
  ,"key7": {"r":3.0, "i":-4.0}
  ,"key8": "string"
  ,"key9": "\t str\\\"ing\n "
  ,"key10": "ab\u0001cd"
  ,"null1": null
  ,"null2": null
  ,"null3": null
  ,"arrf": [[0.0, 1.0, 2.0, 3.0, 4.0],
            [5.0, 6.0, 7.0, 8.0, 9.0],
            [10.0, 11.0, 12.0, 13.0, 14.0]]
  ,"rec": {
     "recfld": 1
    ,"recarr": [[0.0, 1.0, 2.0, 3.0, 4.0],
                [5.0, 6.0, 7.0, 8.0, 9.0],
                [10.0, 11.0, 12.0, 13.0, 14.0]]
    ,"recsub": {
       "subf1": 2
      ,"subf2": [[15.0, 16.0, 17.0, 18.0, 19.0],
                 [20.0, 21.0, 22.0, 23.0, 24.0],
                 [25.0, 26.0, 27.0, 28.0, 29.0]]
    }
  }
}
