>>>
/export/home/gvd/aips++/sun4sol_egcs/bindbg/tImageExprGram: Version 1.0
<<<

ImageExprParse: 'xxx' is an unknown lattice or image or it is an unqualified region
Scanned so far: xxx

ImageExprParse: 'a1' is an unknown lattice, image, or region
Scanned so far: b/a1

ImageExprParse: 'a1' is an unknown lattice or image or it is an unqualified region
Scanned so far: a1/
Image Expression: Parse error at or near ''
Scanned so far: b/b*

3-argument function min is unknown
Scanned so far: min(b,b,b)

Expr:  a = 1
Images used: []
Expr:  a = b
Images used: [b]
Expr:  a = sin(\c)
Images used: [c]
Expr:  a = 'c'+2
Images used: [c]
Expr:  a = b+('c'+d)[region]     (using $n notation)
Expr:  a = nelements(b[$region]
Expr:  a = nelements(b[$region1 || $region2) - length(b[$region1],0)
Images used: [b,b]
Expr:  a = 3.5*b + cos('c')-10/min('c',d)*-e*log(b)-pi()
Images used: [b,c,c,d,e,b]
Expr:  a = (b+'c'-d/2.0*-b) + pi()
Expr:  a = pow('c',d)
Expr:  a = fmod('c'*2,d)
Expr:  a = pow('c',2.3)
Expr:  a = cos(b)
Expr:  a = cos(sin(b))
Expr:  a = ntrue(b>=1)
Expr:  aBool = T||F
Expr:  aBool = !bBool
Expr:  a = sum(e)/nelements(b) + min('c') + max('c', mean('c'+d))
Expr:  a = sum(e[bBool])
Expr:  a = sum((e + sum(f[b>0]*c)/d)[!bBool])
Expr:  a = median(b)
Expr:  a = fractile(b,0.2)
Expr:  a = fractilerange(b,0.2)
Expr:  a = fractilerange(b,0.2,0.6)
Expr:  a = min(a+10,5)
Expr:  a = b+sum(kpa[indexin(0,[0:1,7,3:6:2])])
Expr:  a = b+sum(kpa[indexnotin(1,[0:1,9,3:6:3,9])])
Expr:  a = b+sum(kpa[index1 in [0:1,9,3:6:3,9]])
Expr:  a = b+sum(kpa[index1 not in [0:1,9,3:6:3,9]])
Expr:  a = rebin(b,[1,2/2])

